2026-05-11 07:52:11,020 fail2ban.server         [1054]: INFO    rollover performed on /var/log/fail2ban.log
2026-05-12 08:00:39,239 fail2ban.server         [1054]: INFO    Shutdown in progress...
2026-05-12 08:00:39,240 fail2ban.observer       [1054]: INFO    Observer stop ... try to end queue 5 seconds
2026-05-12 08:00:39,267 fail2ban.observer       [1054]: INFO    Observer stopped, 0 events remaining.
2026-05-12 08:00:39,313 fail2ban.server         [1054]: INFO    Stopping all jails
2026-05-12 08:00:39,314 fail2ban.filter         [1054]: INFO    Removed logfile: '/var/log/auth.log'
2026-05-12 08:00:39,567 fail2ban.actions        [1054]: NOTICE  [sshd] Flush ticket(s) with iptables-multiport
2026-05-12 08:00:39,917 fail2ban.jail           [1054]: INFO    Jail 'sshd' stopped
2026-05-12 08:00:39,920 fail2ban.database       [1054]: INFO    Connection to database closed.
2026-05-12 08:00:39,924 fail2ban.server         [1054]: INFO    Exiting Fail2ban
2026-05-12 08:01:17,011 fail2ban.server         [913]: INFO    --------------------------------------------------
2026-05-12 08:01:17,012 fail2ban.server         [913]: INFO    Starting Fail2ban v1.0.2
2026-05-12 08:01:17,017 fail2ban.observer       [913]: INFO    Observer start...
2026-05-12 08:01:17,038 fail2ban.database       [913]: INFO    Connected to fail2ban persistent database '/var/lib/fail2ban/fail2ban.sqlite3'
2026-05-12 08:01:17,045 fail2ban.jail           [913]: INFO    Creating new jail 'sshd'
2026-05-12 08:01:17,528 fail2ban.jail           [913]: INFO    Jail 'sshd' uses pyinotify {}
2026-05-12 08:01:17,536 fail2ban.jail           [913]: INFO    Initiated 'pyinotify' backend
2026-05-12 08:01:17,538 fail2ban.filter         [913]: INFO      maxLines: 1
2026-05-12 08:01:17,546 fail2ban.filter         [913]: INFO      maxRetry: 3
2026-05-12 08:01:17,547 fail2ban.filter         [913]: INFO      findtime: 600
2026-05-12 08:01:17,547 fail2ban.actions        [913]: INFO      banTime: 3600
2026-05-12 08:01:17,547 fail2ban.jail           [913]: INFO    Set banTime.increment = True
2026-05-12 08:01:17,547 fail2ban.filter         [913]: INFO      encoding: UTF-8
2026-05-12 08:01:17,551 fail2ban.filter         [913]: INFO    Added logfile: '/var/log/auth.log' (pos = 20651, hash = eb78380bf6017db83c58cae43cc0576a4ae712fb)
2026-05-12 08:01:17,565 fail2ban.jail           [913]: INFO    Jail 'sshd' started
